I'm sorry, but errors were detected in your script. Please correct the
errors listed below, and try again.


File "game/script.rpy", line 921: end of line expected.
    music "Menu.mp3" loop
                     ^

Ren'Py Version: Ren'Py 8.1.3.23091805
Sun Nov  5 08:45:00 2023
